// Jest Snapshot v1, https://goo.gl/fbAQLP

exports[`renderWithProvider matches snapshot 1`] = `
<DocumentFragment>
  <div
    data-testid="test"
  >
    label
  </div>
</DocumentFragment>
`;
