// Jest Snapshot v1, https://goo.gl/fbAQLP

exports[`Details matches snapshot 1`] = `
<DocumentFragment>
  <div
    class="MuiPaper-root details MuiPaper-elevation10 MuiPaper-rounded"
  >
    <div>
      <button
        class="MuiButtonBase-root MuiIconButton-root"
        tabindex="0"
        type="button"
      >
        <span
          class="MuiIconButton-label"
        >
          <svg
            aria-hidden="true"
            class="MuiSvgIcon-root"
            focusable="false"
            viewBox="0 0 24 24"
          >
            <path
              d="M19 6.41L17.59 5 12 10.59 6.41 5 5 6.41 10.59 12 5 17.59 6.41 19 12 13.41 17.59 19 19 17.59 13.41 12z"
            />
          </svg>
        </span>
        <span
          class="MuiTouchRipple-root"
        />
      </button>
    </div>
    <h2
      class="MuiTypography-root mt-40 mb-20 MuiTypography-h2"
    >
      title
    </h2>
    <h4
      class="MuiTypography-root mt-40 mb-20 MuiTypography-h4"
    >
      Stats
    </h4>
    <h5
      class="MuiTypography-root details__icon-wrapper MuiTypography-h5"
    >
      <svg
        aria-hidden="true"
        class="MuiSvgIcon-root details__icon"
        focusable="false"
        viewBox="0 0 24 24"
      >
        <path
          d="M12 17.27L18.18 21l-1.64-7.03L22 9.24l-7.19-.61L12 2 9.19 8.63 2 9.24l5.46 4.73L5.82 21z"
        />
      </svg>
      Stars: 1
    </h5>
    <h5
      class="MuiTypography-root details__icon-wrapper MuiTypography-h5"
    >
      <svg
        aria-hidden="true"
        class="MuiSvgIcon-root details__icon"
        focusable="false"
        viewBox="0 0 24 24"
      >
        <path
          d="M12 4.5C7 4.5 2.73 7.61 1 12c1.73 4.39 6 7.5 11 7.5s9.27-3.11 11-7.5c-1.73-4.39-6-7.5-11-7.5zM12 17c-2.76 0-5-2.24-5-5s2.24-5 5-5 5 2.24 5 5-2.24 5-5 5zm0-8c-1.66 0-3 1.34-3 3s1.34 3 3 3 3-1.34 3-3-1.34-3-3-3z"
        />
      </svg>
      Watchers: 1
    </h5>
    <h5
      class="MuiTypography-root details__icon-wrapper MuiTypography-h5"
    >
      <svg
        aria-hidden="true"
        class="MuiSvgIcon-root details__icon"
        focusable="false"
        viewBox="0 0 24 24"
      >
        <path
          d="M22 11V3h-7v3H9V3H2v8h7V8h2v10h4v3h7v-8h-7v3h-2V8h2v3z"
        />
      </svg>
      Forks: 1
    </h5>
    <h4
      class="MuiTypography-root mt-40 mb-20 MuiTypography-h4"
    >
      Languages
    </h4>
    <div
      class="languages-container"
    >
      <div
        class="MuiChip-root languages__item"
      >
        <span
          class="MuiChip-label"
        >
          label - 100.0000%
        </span>
      </div>
    </div>
  </div>
</DocumentFragment>
`;

exports[`Details when isOpen is false 1`] = `<DocumentFragment />`;
