// Jest Snapshot v1, https://goo.gl/fbAQLP

exports[`AddRepositoryForm matches snapshot 1`] = `
<DocumentFragment>
  <li>
    <span>
      title
    </span>
    <span>
      200
    </span>
    <a
      href="url"
    >
      Go to repository
    </a>
  </li>
</DocumentFragment>
`;
